[2020-10-19T13:24:46.229-0100][gc,heap] Heap region size: 1M
[2020-10-19T13:24:46.237-0100][gc     ] Using G1
[2020-10-19T13:24:46.237-0100][gc,heap,coops] Heap address: 0x00000007c0000000, size: 1024 MB, Compressed Oops mode: Zero based, Oop shift amount: 3
[2020-10-19T13:24:52.350-0100][gc,start     ] GC(0) Pause Young (Concurrent Start) (Metadata GC Threshold)
[2020-10-19T13:24:52.350-0100][gc,task      ] GC(0) Using 4 workers of 4 for evacuation
[2020-10-19T13:24:52.359-0100][gc,phases    ] GC(0)   Pre Evacuate Collection Set: 0,0ms
[2020-10-19T13:24:52.359-0100][gc,phases    ] GC(0)   Evacuate Collection Set: 8,3ms
[2020-10-19T13:24:52.359-0100][gc,phases    ] GC(0)   Post Evacuate Collection Set: 0,4ms
[2020-10-19T13:24:52.359-0100][gc,phases    ] GC(0)   Other: 0,5ms
[2020-10-19T13:24:52.359-0100][gc,heap      ] GC(0) Eden regions: 41->0(44)
[2020-10-19T13:24:52.359-0100][gc,heap      ] GC(0) Survivor regions: 0->7(7)
[2020-10-19T13:24:52.359-0100][gc,heap      ] GC(0) Old regions: 0->0
[2020-10-19T13:24:52.359-0100][gc,heap      ] GC(0) Humongous regions: 0->0
[2020-10-19T13:24:52.359-0100][gc,metaspace ] GC(0) Metaspace: 20664K->20664K(1069056K)
[2020-10-19T13:24:52.359-0100][gc           ] GC(0) Pause Young (Concurrent Start) (Metadata GC Threshold) 41M->6M(1024M) 9,348ms
[2020-10-19T13:24:52.359-0100][gc,cpu       ] GC(0) User=0,01s Sys=0,00s Real=0,00s
[2020-10-19T13:24:52.359-0100][gc           ] GC(1) Concurrent Cycle
[2020-10-19T13:24:52.359-0100][gc,marking   ] GC(1) Concurrent Clear Claimed Marks
[2020-10-19T13:24:52.359-0100][gc,marking   ] GC(1) Concurrent Clear Claimed Marks 0,036ms
[2020-10-19T13:24:52.359-0100][gc,marking   ] GC(1) Concurrent Scan Root Regions
[2020-10-19T13:24:52.362-0100][gc,marking   ] GC(1) Concurrent Scan Root Regions 3,138ms
[2020-10-19T13:24:52.362-0100][gc,marking   ] GC(1) Concurrent Mark (6,140s)
[2020-10-19T13:24:52.362-0100][gc,marking   ] GC(1) Concurrent Mark From Roots
[2020-10-19T13:24:52.362-0100][gc,task      ] GC(1) Using 1 workers of 1 for marking
[2020-10-19T13:24:52.363-0100][gc,marking   ] GC(1) Concurrent Mark From Roots 0,160ms
[2020-10-19T13:24:52.363-0100][gc,marking   ] GC(1) Concurrent Preclean
[2020-10-19T13:24:52.363-0100][gc,marking   ] GC(1) Concurrent Preclean 0,019ms
[2020-10-19T13:24:52.363-0100][gc,marking   ] GC(1) Concurrent Mark (6,140s, 6,140s) 0,212ms
[2020-10-19T13:24:52.363-0100][gc,start     ] GC(1) Pause Remark
[2020-10-19T13:24:52.364-0100][gc,stringtable] GC(1) Cleaned string and symbol table, strings: 7387 processed, 0 removed, symbols: 63885 processed, 28 removed
[2020-10-19T13:24:52.365-0100][gc            ] GC(1) Pause Remark 6M->6M(1024M) 1,902ms
[2020-10-19T13:24:52.365-0100][gc,cpu        ] GC(1) User=0,01s Sys=0,00s Real=0,00s
[2020-10-19T13:24:52.365-0100][gc,marking    ] GC(1) Concurrent Rebuild Remembered Sets
[2020-10-19T13:24:52.365-0100][gc,marking    ] GC(1) Concurrent Rebuild Remembered Sets 0,059ms
[2020-10-19T13:24:52.365-0100][gc,start      ] GC(1) Pause Cleanup
[2020-10-19T13:24:52.365-0100][gc            ] GC(1) Pause Cleanup 6M->6M(1024M) 0,116ms
[2020-10-19T13:24:52.365-0100][gc,cpu        ] GC(1) User=0,00s Sys=0,00s Real=0,00s
[2020-10-19T13:24:52.365-0100][gc,marking    ] GC(1) Concurrent Cleanup for Next Mark
[2020-10-19T13:24:52.373-0100][gc,marking    ] GC(1) Concurrent Cleanup for Next Mark 7,774ms
[2020-10-19T13:24:52.373-0100][gc            ] GC(1) Concurrent Cycle 13,852ms
[2020-10-19T13:24:53.470-0100][gc,start      ] GC(2) Pause Young (Normal) (G1 Evacuation Pause)
[2020-10-19T13:24:53.470-0100][gc,task       ] GC(2) Using 4 workers of 4 for evacuation
[2020-10-19T13:24:53.478-0100][gc,phases     ] GC(2)   Pre Evacuate Collection Set: 0,0ms
[2020-10-19T13:24:53.478-0100][gc,phases     ] GC(2)   Evacuate Collection Set: 7,6ms
[2020-10-19T13:24:53.478-0100][gc,phases     ] GC(2)   Post Evacuate Collection Set: 0,4ms
[2020-10-19T13:24:53.478-0100][gc,phases     ] GC(2)   Other: 0,2ms
[2020-10-19T13:24:53.478-0100][gc,heap       ] GC(2) Eden regions: 44->0(49)
[2020-10-19T13:24:53.478-0100][gc,heap       ] GC(2) Survivor regions: 7->2(7)
[2020-10-19T13:24:53.478-0100][gc,heap       ] GC(2) Old regions: 0->7
[2020-10-19T13:24:53.478-0100][gc,heap       ] GC(2) Humongous regions: 0->0
[2020-10-19T13:24:53.478-0100][gc,metaspace  ] GC(2) Metaspace: 29289K->29289K(1075200K)
[2020-10-19T13:24:53.478-0100][gc            ] GC(2) Pause Young (Normal) (G1 Evacuation Pause) 50M->8M(1024M) 8,339ms
[2020-10-19T13:24:53.478-0100][gc,cpu        ] GC(2) User=0,03s Sys=0,01s Real=0,00s
[2020-10-19T13:24:53.962-0100][gc,start      ] GC(3) Pause Young (Concurrent Start) (Metadata GC Threshold)
[2020-10-19T13:24:53.962-0100][gc,task       ] GC(3) Using 4 workers of 4 for evacuation
[2020-10-19T13:24:53.966-0100][gc,phases     ] GC(3)   Pre Evacuate Collection Set: 0,1ms
[2020-10-19T13:24:53.966-0100][gc,phases     ] GC(3)   Evacuate Collection Set: 3,5ms
[2020-10-19T13:24:53.966-0100][gc,phases     ] GC(3)   Post Evacuate Collection Set: 0,2ms
[2020-10-19T13:24:53.966-0100][gc,phases     ] GC(3)   Other: 0,4ms
[2020-10-19T13:24:53.966-0100][gc,heap       ] GC(3) Eden regions: 30->0(47)
[2020-10-19T13:24:53.966-0100][gc,heap       ] GC(3) Survivor regions: 2->4(7)
[2020-10-19T13:24:53.966-0100][gc,heap       ] GC(3) Old regions: 7->7
[2020-10-19T13:24:53.966-0100][gc,heap       ] GC(3) Humongous regions: 129->129
[2020-10-19T13:24:53.966-0100][gc,metaspace  ] GC(3) Metaspace: 34784K->34784K(1081344K)
[2020-10-19T13:24:53.966-0100][gc            ] GC(3) Pause Young (Concurrent Start) (Metadata GC Threshold) 167M->139M(1024M) 4,356ms
[2020-10-19T13:24:53.966-0100][gc,cpu        ] GC(3) User=0,02s Sys=0,00s Real=0,00s
[2020-10-19T13:24:53.967-0100][gc            ] GC(4) Concurrent Cycle
[2020-10-19T13:24:53.967-0100][gc,marking    ] GC(4) Concurrent Clear Claimed Marks
[2020-10-19T13:24:53.967-0100][gc,marking    ] GC(4) Concurrent Clear Claimed Marks 0,050ms
[2020-10-19T13:24:53.967-0100][gc,marking    ] GC(4) Concurrent Scan Root Regions
[2020-10-19T13:24:53.971-0100][gc,marking    ] GC(4) Concurrent Scan Root Regions 3,914ms
[2020-10-19T13:24:53.971-0100][gc,marking    ] GC(4) Concurrent Mark (7,748s)
[2020-10-19T13:24:53.971-0100][gc,marking    ] GC(4) Concurrent Mark From Roots
[2020-10-19T13:24:53.971-0100][gc,task       ] GC(4) Using 1 workers of 1 for marking
[2020-10-19T13:24:53.979-0100][gc,marking    ] GC(4) Concurrent Mark From Roots 8,165ms
[2020-10-19T13:24:53.979-0100][gc,marking    ] GC(4) Concurrent Preclean
[2020-10-19T13:24:53.979-0100][gc,marking    ] GC(4) Concurrent Preclean 0,053ms
[2020-10-19T13:24:53.979-0100][gc,marking    ] GC(4) Concurrent Mark (7,748s, 7,757s) 8,281ms
[2020-10-19T13:24:53.979-0100][gc,start      ] GC(4) Pause Remark
[2020-10-19T13:24:53.982-0100][gc,stringtable] GC(4) Cleaned string and symbol table, strings: 11485 processed, 6 removed, symbols: 95746 processed, 19 removed
[2020-10-19T13:24:53.982-0100][gc            ] GC(4) Pause Remark 140M->140M(1024M) 2,601ms
[2020-10-19T13:24:53.982-0100][gc,cpu        ] GC(4) User=0,01s Sys=0,00s Real=0,01s
[2020-10-19T13:24:53.982-0100][gc,marking    ] GC(4) Concurrent Rebuild Remembered Sets
[2020-10-19T13:24:53.986-0100][gc,marking    ] GC(4) Concurrent Rebuild Remembered Sets 4,194ms
[2020-10-19T13:24:53.986-0100][gc,start      ] GC(4) Pause Cleanup
[2020-10-19T13:24:53.986-0100][gc            ] GC(4) Pause Cleanup 140M->140M(1024M) 0,120ms
[2020-10-19T13:24:53.986-0100][gc,cpu        ] GC(4) User=0,00s Sys=0,00s Real=0,00s
[2020-10-19T13:24:53.986-0100][gc,marking    ] GC(4) Concurrent Cleanup for Next Mark
[2020-10-19T13:24:53.995-0100][gc,marking    ] GC(4) Concurrent Cleanup for Next Mark 8,164ms
[2020-10-19T13:24:53.995-0100][gc            ] GC(4) Concurrent Cycle 28,089ms
[2020-10-19T13:24:54.691-0100][gc,start      ] GC(5) Pause Young (Normal) (G1 Evacuation Pause)
[2020-10-19T13:24:54.691-0100][gc,task       ] GC(5) Using 4 workers of 4 for evacuation
[2020-10-19T13:24:54.700-0100][gc,phases     ] GC(5)   Pre Evacuate Collection Set: 0,1ms
[2020-10-19T13:24:54.700-0100][gc,phases     ] GC(5)   Evacuate Collection Set: 8,9ms
[2020-10-19T13:24:54.700-0100][gc,phases     ] GC(5)   Post Evacuate Collection Set: 0,5ms
[2020-10-19T13:24:54.700-0100][gc,phases     ] GC(5)   Other: 0,2ms
[2020-10-19T13:24:54.700-0100][gc,heap       ] GC(5) Eden regions: 47->0(45)
[2020-10-19T13:24:54.700-0100][gc,heap       ] GC(5) Survivor regions: 4->6(7)
[2020-10-19T13:24:54.700-0100][gc,heap       ] GC(5) Old regions: 7->8
[2020-10-19T13:24:54.700-0100][gc,heap       ] GC(5) Humongous regions: 141->135
[2020-10-19T13:24:54.700-0100][gc,metaspace  ] GC(5) Metaspace: 43219K->43219K(1089536K)
[2020-10-19T13:24:54.700-0100][gc            ] GC(5) Pause Young (Normal) (G1 Evacuation Pause) 198M->148M(1024M) 9,848ms
[2020-10-19T13:24:54.701-0100][gc,cpu        ] GC(5) User=0,03s Sys=0,00s Real=0,01s
[2020-10-19T13:34:54.623-0100][gc,start      ] GC(6) Pause Young (Normal) (G1 Evacuation Pause)
[2020-10-19T13:34:54.625-0100][gc,task       ] GC(6) Using 4 workers of 4 for evacuation
[2020-10-19T13:34:54.663-0100][gc,mmu        ] GC(6) MMU target violated: 21,0ms (20,0ms/21,0ms)
[2020-10-19T13:34:54.663-0100][gc,phases     ] GC(6)   Pre Evacuate Collection Set: 1,7ms
[2020-10-19T13:34:54.663-0100][gc,phases     ] GC(6)   Evacuate Collection Set: 35,1ms
[2020-10-19T13:34:54.663-0100][gc,phases     ] GC(6)   Post Evacuate Collection Set: 0,8ms
[2020-10-19T13:34:54.663-0100][gc,phases     ] GC(6)   Other: 2,4ms
[2020-10-19T13:34:54.663-0100][gc,heap       ] GC(6) Eden regions: 45->0(46)
[2020-10-19T13:34:54.663-0100][gc,heap       ] GC(6) Survivor regions: 6->5(7)
[2020-10-19T13:34:54.663-0100][gc,heap       ] GC(6) Old regions: 8->11
[2020-10-19T13:34:54.663-0100][gc,heap       ] GC(6) Humongous regions: 135->129
[2020-10-19T13:34:54.663-0100][gc,metaspace  ] GC(6) Metaspace: 46475K->46475K(1091584K)
[2020-10-19T13:34:54.663-0100][gc            ] GC(6) Pause Young (Normal) (G1 Evacuation Pause) 193M->143M(1024M) 40,024ms
[2020-10-19T13:34:54.663-0100][gc,cpu        ] GC(6) User=0,04s Sys=0,08s Real=0,04s
[2020-10-19T14:02:14.642-0100][gc,start      ] GC(7) Pause Young (Normal) (G1 Evacuation Pause)
[2020-10-19T14:02:14.644-0100][gc,task       ] GC(7) Using 4 workers of 4 for evacuation
[2020-10-19T14:02:14.671-0100][gc,mmu        ] GC(7) MMU target violated: 21,0ms (20,0ms/21,0ms)
[2020-10-19T14:02:14.671-0100][gc,phases     ] GC(7)   Pre Evacuate Collection Set: 1,6ms
[2020-10-19T14:02:14.671-0100][gc,phases     ] GC(7)   Evacuate Collection Set: 24,2ms
[2020-10-19T14:02:14.671-0100][gc,phases     ] GC(7)   Post Evacuate Collection Set: 0,7ms
[2020-10-19T14:02:14.671-0100][gc,phases     ] GC(7)   Other: 2,6ms
[2020-10-19T14:02:14.671-0100][gc,heap       ] GC(7) Eden regions: 46->0(48)
[2020-10-19T14:02:14.671-0100][gc,heap       ] GC(7) Survivor regions: 5->3(7)
[2020-10-19T14:02:14.671-0100][gc,heap       ] GC(7) Old regions: 11->14
[2020-10-19T14:02:14.671-0100][gc,heap       ] GC(7) Humongous regions: 129->129
[2020-10-19T14:02:14.671-0100][gc,metaspace  ] GC(7) Metaspace: 46793K->46793K(1091584K)
[2020-10-19T14:02:14.671-0100][gc            ] GC(7) Pause Young (Normal) (G1 Evacuation Pause) 189M->145M(1024M) 29,127ms
[2020-10-19T14:02:14.671-0100][gc,cpu        ] GC(7) User=0,04s Sys=0,05s Real=0,03s
[2020-10-19T14:24:55.764-0100][gc,start      ] GC(8) Pause Young (Normal) (G1 Evacuation Pause)
[2020-10-19T14:24:55.764-0100][gc,task       ] GC(8) Using 4 workers of 4 for evacuation
[2020-10-19T14:24:55.785-0100][gc,mmu        ] GC(8) MMU target violated: 20,6ms (20,0ms/21,0ms)
[2020-10-19T14:24:55.785-0100][gc,phases     ] GC(8)   Pre Evacuate Collection Set: 1,8ms
[2020-10-19T14:24:55.785-0100][gc,phases     ] GC(8)   Evacuate Collection Set: 17,3ms
[2020-10-19T14:24:55.785-0100][gc,phases     ] GC(8)   Post Evacuate Collection Set: 1,2ms
[2020-10-19T14:24:55.785-0100][gc,phases     ] GC(8)   Other: 1,1ms
[2020-10-19T14:24:55.785-0100][gc,heap       ] GC(8) Eden regions: 48->0(48)
[2020-10-19T14:24:55.785-0100][gc,heap       ] GC(8) Survivor regions: 3->3(7)
[2020-10-19T14:24:55.785-0100][gc,heap       ] GC(8) Old regions: 14->14
[2020-10-19T14:24:55.785-0100][gc,heap       ] GC(8) Humongous regions: 129->129
[2020-10-19T14:24:55.785-0100][gc,metaspace  ] GC(8) Metaspace: 47168K->47168K(1093632K)
[2020-10-19T14:24:55.785-0100][gc            ] GC(8) Pause Young (Normal) (G1 Evacuation Pause) 193M->145M(1024M) 21,514ms
[2020-10-19T14:24:55.785-0100][gc,cpu        ] GC(8) User=0,02s Sys=0,02s Real=0,02s
[2020-10-19T14:53:10.754-0100][gc,start      ] GC(9) Pause Young (Normal) (G1 Evacuation Pause)
[2020-10-19T14:53:10.755-0100][gc,task       ] GC(9) Using 4 workers of 4 for evacuation
[2020-10-19T14:53:10.766-0100][gc,phases     ] GC(9)   Pre Evacuate Collection Set: 0,1ms
[2020-10-19T14:53:10.766-0100][gc,phases     ] GC(9)   Evacuate Collection Set: 9,9ms
[2020-10-19T14:53:10.766-0100][gc,phases     ] GC(9)   Post Evacuate Collection Set: 0,4ms
[2020-10-19T14:53:10.766-0100][gc,phases     ] GC(9)   Other: 2,1ms
[2020-10-19T14:53:10.766-0100][gc,heap       ] GC(9) Eden regions: 48->0(47)
[2020-10-19T14:53:10.766-0100][gc,heap       ] GC(9) Survivor regions: 3->4(7)
[2020-10-19T14:53:10.766-0100][gc,heap       ] GC(9) Old regions: 14->14
[2020-10-19T14:53:10.766-0100][gc,heap       ] GC(9) Humongous regions: 129->129
[2020-10-19T14:53:10.766-0100][gc,metaspace  ] GC(9) Metaspace: 47222K->47222K(1093632K)
[2020-10-19T14:53:10.766-0100][gc            ] GC(9) Pause Young (Normal) (G1 Evacuation Pause) 193M->145M(1024M) 12,693ms
[2020-10-19T14:53:10.766-0100][gc,cpu        ] GC(9) User=0,03s Sys=0,01s Real=0,01s
[2020-10-19T15:40:20.244-0100][gc,start      ] GC(10) Pause Young (Normal) (G1 Evacuation Pause)
[2020-10-19T15:40:20.245-0100][gc,task       ] GC(10) Using 4 workers of 4 for evacuation
[2020-10-19T15:40:20.260-0100][gc,phases     ] GC(10)   Pre Evacuate Collection Set: 0,1ms
[2020-10-19T15:40:20.260-0100][gc,phases     ] GC(10)   Evacuate Collection Set: 12,1ms
[2020-10-19T15:40:20.260-0100][gc,phases     ] GC(10)   Post Evacuate Collection Set: 1,4ms
[2020-10-19T15:40:20.260-0100][gc,phases     ] GC(10)   Other: 2,4ms
[2020-10-19T15:40:20.260-0100][gc,heap       ] GC(10) Eden regions: 47->0(47)
[2020-10-19T15:40:20.260-0100][gc,heap       ] GC(10) Survivor regions: 4->4(7)
[2020-10-19T15:40:20.260-0100][gc,heap       ] GC(10) Old regions: 14->14
[2020-10-19T15:40:20.260-0100][gc,heap       ] GC(10) Humongous regions: 129->129
[2020-10-19T15:40:20.260-0100][gc,metaspace  ] GC(10) Metaspace: 47293K->47293K(1093632K)
[2020-10-19T15:40:20.260-0100][gc            ] GC(10) Pause Young (Normal) (G1 Evacuation Pause) 192M->145M(1024M) 16,267ms
[2020-10-19T15:40:20.260-0100][gc,cpu        ] GC(10) User=0,02s Sys=0,01s Real=0,02s
[2020-10-20T19:08:56.747-0100][gc,start      ] GC(11) Pause Young (Normal) (G1 Evacuation Pause)
[2020-10-20T19:08:56.749-0100][gc,task       ] GC(11) Using 4 workers of 4 for evacuation
[2020-10-20T19:08:56.786-0100][gc,mmu        ] GC(11) MMU target violated: 21,0ms (20,0ms/21,0ms)
[2020-10-20T19:08:56.786-0100][gc,phases     ] GC(11)   Pre Evacuate Collection Set: 2,2ms
[2020-10-20T19:08:56.786-0100][gc,phases     ] GC(11)   Evacuate Collection Set: 29,8ms
[2020-10-20T19:08:56.786-0100][gc,phases     ] GC(11)   Post Evacuate Collection Set: 3,1ms
[2020-10-20T19:08:56.786-0100][gc,phases     ] GC(11)   Other: 5,7ms
[2020-10-20T19:08:56.787-0100][gc,heap       ] GC(11) Eden regions: 47->0(47)
[2020-10-20T19:08:56.787-0100][gc,heap       ] GC(11) Survivor regions: 4->4(7)
[2020-10-20T19:08:56.787-0100][gc,heap       ] GC(11) Old regions: 14->14
[2020-10-20T19:08:56.787-0100][gc,heap       ] GC(11) Humongous regions: 129->129
[2020-10-20T19:08:56.787-0100][gc,metaspace  ] GC(11) Metaspace: 47410K->47410K(1093632K)
[2020-10-20T19:08:56.787-0100][gc            ] GC(11) Pause Young (Normal) (G1 Evacuation Pause) 192M->146M(1024M) 40,697ms
[2020-10-20T19:08:56.787-0100][gc,cpu        ] GC(11) User=0,03s Sys=0,07s Real=0,04s
