[2020-10-20T19:50:21.335-0100][gc,heap] Heap region size: 1M
[2020-10-20T19:50:21.347-0100][gc     ] Using G1
[2020-10-20T19:50:21.347-0100][gc,heap,coops] Heap address: 0x00000007c0000000, size: 1024 MB, Compressed Oops mode: Zero based, Oop shift amount: 3
[2020-10-20T19:50:22.978-0100][gc,start     ] GC(0) Pause Young (Concurrent Start) (Metadata GC Threshold)
[2020-10-20T19:50:22.978-0100][gc,task      ] GC(0) Using 4 workers of 4 for evacuation
[2020-10-20T19:50:22.990-0100][gc,phases    ] GC(0)   Pre Evacuate Collection Set: 0,0ms
[2020-10-20T19:50:22.990-0100][gc,phases    ] GC(0)   Evacuate Collection Set: 10,9ms
[2020-10-20T19:50:22.990-0100][gc,phases    ] GC(0)   Post Evacuate Collection Set: 0,5ms
[2020-10-20T19:50:22.990-0100][gc,phases    ] GC(0)   Other: 0,5ms
[2020-10-20T19:50:22.990-0100][gc,heap      ] GC(0) Eden regions: 41->0(44)
[2020-10-20T19:50:22.990-0100][gc,heap      ] GC(0) Survivor regions: 0->7(7)
[2020-10-20T19:50:22.990-0100][gc,heap      ] GC(0) Old regions: 0->0
[2020-10-20T19:50:22.990-0100][gc,heap      ] GC(0) Humongous regions: 0->0
[2020-10-20T19:50:22.990-0100][gc,metaspace ] GC(0) Metaspace: 20671K->20671K(1069056K)
[2020-10-20T19:50:22.990-0100][gc           ] GC(0) Pause Young (Concurrent Start) (Metadata GC Threshold) 41M->6M(1024M) 12,129ms
[2020-10-20T19:50:22.990-0100][gc,cpu       ] GC(0) User=0,02s Sys=0,00s Real=0,02s
[2020-10-20T19:50:22.990-0100][gc           ] GC(1) Concurrent Cycle
[2020-10-20T19:50:22.990-0100][gc,marking   ] GC(1) Concurrent Clear Claimed Marks
[2020-10-20T19:50:22.990-0100][gc,marking   ] GC(1) Concurrent Clear Claimed Marks 0,026ms
[2020-10-20T19:50:22.990-0100][gc,marking   ] GC(1) Concurrent Scan Root Regions
[2020-10-20T19:50:22.995-0100][gc,marking   ] GC(1) Concurrent Scan Root Regions 4,440ms
[2020-10-20T19:50:22.995-0100][gc,marking   ] GC(1) Concurrent Mark (1,670s)
[2020-10-20T19:50:22.995-0100][gc,marking   ] GC(1) Concurrent Mark From Roots
[2020-10-20T19:50:22.995-0100][gc,task      ] GC(1) Using 1 workers of 1 for marking
[2020-10-20T19:50:22.995-0100][gc,marking   ] GC(1) Concurrent Mark From Roots 0,159ms
[2020-10-20T19:50:22.995-0100][gc,marking   ] GC(1) Concurrent Preclean
[2020-10-20T19:50:22.995-0100][gc,marking   ] GC(1) Concurrent Preclean 0,025ms
[2020-10-20T19:50:22.995-0100][gc,marking   ] GC(1) Concurrent Mark (1,670s, 1,671s) 0,230ms
[2020-10-20T19:50:22.995-0100][gc,start     ] GC(1) Pause Remark
[2020-10-20T19:50:22.998-0100][gc,stringtable] GC(1) Cleaned string and symbol table, strings: 7389 processed, 0 removed, symbols: 63969 processed, 35 removed
[2020-10-20T19:50:22.998-0100][gc            ] GC(1) Pause Remark 6M->6M(1024M) 2,773ms
[2020-10-20T19:50:22.998-0100][gc,cpu        ] GC(1) User=0,00s Sys=0,00s Real=0,00s
[2020-10-20T19:50:22.998-0100][gc,marking    ] GC(1) Concurrent Rebuild Remembered Sets
[2020-10-20T19:50:22.998-0100][gc,marking    ] GC(1) Concurrent Rebuild Remembered Sets 0,057ms
[2020-10-20T19:50:22.998-0100][gc,start      ] GC(1) Pause Cleanup
[2020-10-20T19:50:22.999-0100][gc            ] GC(1) Pause Cleanup 6M->6M(1024M) 0,085ms
[2020-10-20T19:50:22.999-0100][gc,cpu        ] GC(1) User=0,00s Sys=0,00s Real=0,00s
[2020-10-20T19:50:22.999-0100][gc,marking    ] GC(1) Concurrent Cleanup for Next Mark
[2020-10-20T19:50:23.007-0100][gc,marking    ] GC(1) Concurrent Cleanup for Next Mark 8,099ms
[2020-10-20T19:50:23.007-0100][gc            ] GC(1) Concurrent Cycle 16,353ms
[2020-10-20T19:50:25.802-0100][gc,heap,exit  ] Heap
[2020-10-20T19:50:25.802-0100][gc,heap,exit  ]  garbage-first heap   total 1048576K, used 38256K [0x00000007c0000000, 0x0000000800000000)
[2020-10-20T19:50:25.802-0100][gc,heap,exit  ]   region size 1024K, 39 young (39936K), 7 survivors (7168K)
[2020-10-20T19:50:25.802-0100][gc,heap,exit  ]  Metaspace       used 27589K, capacity 28088K, committed 28288K, reserved 1075200K
[2020-10-20T19:50:25.802-0100][gc,heap,exit  ]   class space    used 3156K, capacity 3359K, committed 3456K, reserved 1048576K
