[2020-10-18T13:35:41.795-0100][gc,heap] Heap region size: 1M
[2020-10-18T13:35:41.809-0100][gc     ] Using G1
[2020-10-18T13:35:41.809-0100][gc,heap,coops] Heap address: 0x00000007c0000000, size: 1024 MB, Compressed Oops mode: Zero based, Oop shift amount: 3
[2020-10-18T13:35:43.097-0100][gc,start     ] GC(0) Pause Young (Concurrent Start) (Metadata GC Threshold)
[2020-10-18T13:35:43.097-0100][gc,task      ] GC(0) Using 4 workers of 4 for evacuation
[2020-10-18T13:35:43.105-0100][gc,phases    ] GC(0)   Pre Evacuate Collection Set: 0,0ms
[2020-10-18T13:35:43.105-0100][gc,phases    ] GC(0)   Evacuate Collection Set: 7,3ms
[2020-10-18T13:35:43.105-0100][gc,phases    ] GC(0)   Post Evacuate Collection Set: 0,3ms
[2020-10-18T13:35:43.105-0100][gc,phases    ] GC(0)   Other: 0,6ms
[2020-10-18T13:35:43.105-0100][gc,heap      ] GC(0) Eden regions: 41->0(44)
[2020-10-18T13:35:43.105-0100][gc,heap      ] GC(0) Survivor regions: 0->7(7)
[2020-10-18T13:35:43.105-0100][gc,heap      ] GC(0) Old regions: 0->0
[2020-10-18T13:35:43.105-0100][gc,heap      ] GC(0) Humongous regions: 0->0
[2020-10-18T13:35:43.105-0100][gc,metaspace ] GC(0) Metaspace: 20680K->20680K(1069056K)
[2020-10-18T13:35:43.105-0100][gc           ] GC(0) Pause Young (Concurrent Start) (Metadata GC Threshold) 41M->6M(1024M) 8,344ms
[2020-10-18T13:35:43.105-0100][gc,cpu       ] GC(0) User=0,02s Sys=0,00s Real=0,01s
[2020-10-18T13:35:43.105-0100][gc           ] GC(1) Concurrent Cycle
[2020-10-18T13:35:43.105-0100][gc,marking   ] GC(1) Concurrent Clear Claimed Marks
[2020-10-18T13:35:43.105-0100][gc,marking   ] GC(1) Concurrent Clear Claimed Marks 0,022ms
[2020-10-18T13:35:43.105-0100][gc,marking   ] GC(1) Concurrent Scan Root Regions
[2020-10-18T13:35:43.108-0100][gc,marking   ] GC(1) Concurrent Scan Root Regions 3,124ms
[2020-10-18T13:35:43.108-0100][gc,marking   ] GC(1) Concurrent Mark (1,326s)
[2020-10-18T13:35:43.108-0100][gc,marking   ] GC(1) Concurrent Mark From Roots
[2020-10-18T13:35:43.108-0100][gc,task      ] GC(1) Using 1 workers of 1 for marking
[2020-10-18T13:35:43.109-0100][gc,marking   ] GC(1) Concurrent Mark From Roots 0,142ms
[2020-10-18T13:35:43.109-0100][gc,marking   ] GC(1) Concurrent Preclean
[2020-10-18T13:35:43.109-0100][gc,marking   ] GC(1) Concurrent Preclean 0,019ms
[2020-10-18T13:35:43.109-0100][gc,marking   ] GC(1) Concurrent Mark (1,326s, 1,326s) 0,198ms
[2020-10-18T13:35:43.109-0100][gc,start     ] GC(1) Pause Remark
[2020-10-18T13:35:43.111-0100][gc,stringtable] GC(1) Cleaned string and symbol table, strings: 7388 processed, 0 removed, symbols: 63952 processed, 28 removed
[2020-10-18T13:35:43.111-0100][gc            ] GC(1) Pause Remark 6M->6M(1024M) 2,138ms
[2020-10-18T13:35:43.111-0100][gc,cpu        ] GC(1) User=0,01s Sys=0,00s Real=0,01s
[2020-10-18T13:35:43.111-0100][gc,marking    ] GC(1) Concurrent Rebuild Remembered Sets
[2020-10-18T13:35:43.111-0100][gc,marking    ] GC(1) Concurrent Rebuild Remembered Sets 0,071ms
[2020-10-18T13:35:43.111-0100][gc,start      ] GC(1) Pause Cleanup
[2020-10-18T13:35:43.111-0100][gc            ] GC(1) Pause Cleanup 6M->6M(1024M) 0,078ms
[2020-10-18T13:35:43.111-0100][gc,cpu        ] GC(1) User=0,00s Sys=0,00s Real=0,00s
[2020-10-18T13:35:43.111-0100][gc,marking    ] GC(1) Concurrent Cleanup for Next Mark
[2020-10-18T13:35:43.119-0100][gc,marking    ] GC(1) Concurrent Cleanup for Next Mark 7,835ms
[2020-10-18T13:35:43.119-0100][gc            ] GC(1) Concurrent Cycle 13,864ms
[2020-10-18T13:35:44.721-0100][gc,start      ] GC(2) Pause Young (Normal) (G1 Evacuation Pause)
[2020-10-18T13:35:44.721-0100][gc,task       ] GC(2) Using 4 workers of 4 for evacuation
[2020-10-18T13:35:44.734-0100][gc,phases     ] GC(2)   Pre Evacuate Collection Set: 0,1ms
[2020-10-18T13:35:44.734-0100][gc,phases     ] GC(2)   Evacuate Collection Set: 12,1ms
[2020-10-18T13:35:44.734-0100][gc,phases     ] GC(2)   Post Evacuate Collection Set: 0,9ms
[2020-10-18T13:35:44.734-0100][gc,phases     ] GC(2)   Other: 0,2ms
[2020-10-18T13:35:44.734-0100][gc,heap       ] GC(2) Eden regions: 44->0(48)
[2020-10-18T13:35:44.734-0100][gc,heap       ] GC(2) Survivor regions: 7->3(7)
[2020-10-18T13:35:44.734-0100][gc,heap       ] GC(2) Old regions: 0->7
[2020-10-18T13:35:44.734-0100][gc,heap       ] GC(2) Humongous regions: 129->129
[2020-10-18T13:35:44.734-0100][gc,metaspace  ] GC(2) Metaspace: 30345K->30345K(1077248K)
[2020-10-18T13:35:44.734-0100][gc            ] GC(2) Pause Young (Normal) (G1 Evacuation Pause) 179M->137M(1024M) 13,449ms
[2020-10-18T13:35:44.734-0100][gc,cpu        ] GC(2) User=0,02s Sys=0,01s Real=0,01s
[2020-10-18T13:35:45.396-0100][gc,start      ] GC(3) Pause Young (Concurrent Start) (Metadata GC Threshold)
[2020-10-18T13:35:45.396-0100][gc,task       ] GC(3) Using 4 workers of 4 for evacuation
[2020-10-18T13:35:45.405-0100][gc,phases     ] GC(3)   Pre Evacuate Collection Set: 0,1ms
[2020-10-18T13:35:45.405-0100][gc,phases     ] GC(3)   Evacuate Collection Set: 8,7ms
[2020-10-18T13:35:45.405-0100][gc,phases     ] GC(3)   Post Evacuate Collection Set: 0,2ms
[2020-10-18T13:35:45.405-0100][gc,phases     ] GC(3)   Other: 0,2ms
[2020-10-18T13:35:45.405-0100][gc,heap       ] GC(3) Eden regions: 26->0(46)
[2020-10-18T13:35:45.405-0100][gc,heap       ] GC(3) Survivor regions: 3->5(7)
[2020-10-18T13:35:45.405-0100][gc,heap       ] GC(3) Old regions: 7->7
[2020-10-18T13:35:45.405-0100][gc,heap       ] GC(3) Humongous regions: 129->129
[2020-10-18T13:35:45.405-0100][gc,metaspace  ] GC(3) Metaspace: 34776K->34776K(1081344K)
[2020-10-18T13:35:45.405-0100][gc            ] GC(3) Pause Young (Concurrent Start) (Metadata GC Threshold) 163M->139M(1024M) 9,440ms
[2020-10-18T13:35:45.405-0100][gc,cpu        ] GC(3) User=0,02s Sys=0,00s Real=0,01s
[2020-10-18T13:35:45.405-0100][gc            ] GC(4) Concurrent Cycle
[2020-10-18T13:35:45.405-0100][gc,marking    ] GC(4) Concurrent Clear Claimed Marks
[2020-10-18T13:35:45.405-0100][gc,marking    ] GC(4) Concurrent Clear Claimed Marks 0,042ms
[2020-10-18T13:35:45.405-0100][gc,marking    ] GC(4) Concurrent Scan Root Regions
[2020-10-18T13:35:45.410-0100][gc,marking    ] GC(4) Concurrent Scan Root Regions 5,188ms
[2020-10-18T13:35:45.410-0100][gc,marking    ] GC(4) Concurrent Mark (3,628s)
[2020-10-18T13:35:45.410-0100][gc,marking    ] GC(4) Concurrent Mark From Roots
[2020-10-18T13:35:45.410-0100][gc,task       ] GC(4) Using 1 workers of 1 for marking
[2020-10-18T13:35:45.422-0100][gc,marking    ] GC(4) Concurrent Mark From Roots 11,628ms
[2020-10-18T13:35:45.422-0100][gc,marking    ] GC(4) Concurrent Preclean
[2020-10-18T13:35:45.422-0100][gc,marking    ] GC(4) Concurrent Preclean 0,053ms
[2020-10-18T13:35:45.422-0100][gc,marking    ] GC(4) Concurrent Mark (3,628s, 3,640s) 11,758ms
[2020-10-18T13:35:45.422-0100][gc,start      ] GC(4) Pause Remark
[2020-10-18T13:35:45.425-0100][gc,stringtable] GC(4) Cleaned string and symbol table, strings: 11516 processed, 7 removed, symbols: 96505 processed, 24 removed
[2020-10-18T13:35:45.425-0100][gc            ] GC(4) Pause Remark 139M->139M(1024M) 2,871ms
[2020-10-18T13:35:45.425-0100][gc,cpu        ] GC(4) User=0,01s Sys=0,00s Real=0,00s
[2020-10-18T13:35:45.425-0100][gc,marking    ] GC(4) Concurrent Rebuild Remembered Sets
[2020-10-18T13:35:45.430-0100][gc,marking    ] GC(4) Concurrent Rebuild Remembered Sets 5,048ms
[2020-10-18T13:35:45.430-0100][gc,start      ] GC(4) Pause Cleanup
[2020-10-18T13:35:45.431-0100][gc            ] GC(4) Pause Cleanup 139M->139M(1024M) 0,125ms
[2020-10-18T13:35:45.431-0100][gc,cpu        ] GC(4) User=0,00s Sys=0,00s Real=0,00s
[2020-10-18T13:35:45.431-0100][gc,marking    ] GC(4) Concurrent Cleanup for Next Mark
[2020-10-18T13:35:45.442-0100][gc,marking    ] GC(4) Concurrent Cleanup for Next Mark 11,555ms
[2020-10-18T13:35:45.442-0100][gc            ] GC(4) Concurrent Cycle 37,058ms
[2020-10-18T13:37:29.945-0100][gc,start      ] GC(5) Pause Young (Normal) (G1 Evacuation Pause)
[2020-10-18T13:37:29.946-0100][gc,task       ] GC(5) Using 4 workers of 4 for evacuation
[2020-10-18T13:37:29.955-0100][gc,phases     ] GC(5)   Pre Evacuate Collection Set: 0,0ms
[2020-10-18T13:37:29.955-0100][gc,phases     ] GC(5)   Evacuate Collection Set: 8,6ms
[2020-10-18T13:37:29.955-0100][gc,phases     ] GC(5)   Post Evacuate Collection Set: 0,5ms
[2020-10-18T13:37:29.955-0100][gc,phases     ] GC(5)   Other: 0,7ms
[2020-10-18T13:37:29.955-0100][gc,heap       ] GC(5) Eden regions: 46->0(45)
[2020-10-18T13:37:29.955-0100][gc,heap       ] GC(5) Survivor regions: 5->6(7)
[2020-10-18T13:37:29.955-0100][gc,heap       ] GC(5) Old regions: 7->9
[2020-10-18T13:37:29.955-0100][gc,heap       ] GC(5) Humongous regions: 129->129
[2020-10-18T13:37:29.955-0100][gc,metaspace  ] GC(5) Metaspace: 43507K->43507K(1089536K)
[2020-10-18T13:37:29.955-0100][gc            ] GC(5) Pause Young (Normal) (G1 Evacuation Pause) 185M->142M(1024M) 10,047ms
[2020-10-18T13:37:29.955-0100][gc,cpu        ] GC(5) User=0,03s Sys=0,00s Real=0,01s
[2020-10-18T13:57:14.291-0100][gc,start      ] GC(6) Pause Young (Normal) (G1 Evacuation Pause)
[2020-10-18T13:57:14.294-0100][gc,task       ] GC(6) Using 4 workers of 4 for evacuation
[2020-10-18T13:57:14.524-0100][gc,mmu        ] GC(6) MMU target violated: 21,0ms (20,0ms/21,0ms)
[2020-10-18T13:57:14.524-0100][gc,phases     ] GC(6)   Pre Evacuate Collection Set: 7,2ms
[2020-10-18T13:57:14.524-0100][gc,phases     ] GC(6)   Evacuate Collection Set: 195,5ms
[2020-10-18T13:57:14.524-0100][gc,phases     ] GC(6)   Post Evacuate Collection Set: 17,9ms
[2020-10-18T13:57:14.524-0100][gc,phases     ] GC(6)   Other: 13,6ms
[2020-10-18T13:57:14.524-0100][gc,heap       ] GC(6) Eden regions: 45->0(46)
[2020-10-18T13:57:14.524-0100][gc,heap       ] GC(6) Survivor regions: 6->5(7)
[2020-10-18T13:57:14.524-0100][gc,heap       ] GC(6) Old regions: 9->11
[2020-10-18T13:57:14.524-0100][gc,heap       ] GC(6) Humongous regions: 129->129
[2020-10-18T13:57:14.524-0100][gc,metaspace  ] GC(6) Metaspace: 46022K->46022K(1091584K)
[2020-10-18T13:57:14.526-0100][gc            ] GC(6) Pause Young (Normal) (G1 Evacuation Pause) 187M->143M(1024M) 235,364ms
[2020-10-18T13:57:14.526-0100][gc,cpu        ] GC(6) User=0,04s Sys=0,15s Real=0,23s
[2020-10-18T14:27:04.398-0100][gc,start      ] GC(7) Pause Young (Normal) (G1 Evacuation Pause)
[2020-10-18T14:27:04.404-0100][gc,task       ] GC(7) Using 4 workers of 4 for evacuation
[2020-10-18T14:27:04.598-0100][gc,mmu        ] GC(7) MMU target violated: 21,0ms (20,0ms/21,0ms)
[2020-10-18T14:27:04.598-0100][gc,phases     ] GC(7)   Pre Evacuate Collection Set: 9,1ms
[2020-10-18T14:27:04.598-0100][gc,phases     ] GC(7)   Evacuate Collection Set: 171,6ms
[2020-10-18T14:27:04.598-0100][gc,phases     ] GC(7)   Post Evacuate Collection Set: 3,9ms
[2020-10-18T14:27:04.598-0100][gc,phases     ] GC(7)   Other: 15,8ms
[2020-10-18T14:27:04.599-0100][gc,heap       ] GC(7) Eden regions: 46->0(48)
[2020-10-18T14:27:04.599-0100][gc,heap       ] GC(7) Survivor regions: 5->3(7)
[2020-10-18T14:27:04.599-0100][gc,heap       ] GC(7) Old regions: 11->14
[2020-10-18T14:27:04.599-0100][gc,heap       ] GC(7) Humongous regions: 129->129
[2020-10-18T14:27:04.599-0100][gc,metaspace  ] GC(7) Metaspace: 46764K->46764K(1091584K)
[2020-10-18T14:27:04.599-0100][gc            ] GC(7) Pause Young (Normal) (G1 Evacuation Pause) 189M->144M(1024M) 200,414ms
[2020-10-18T14:27:04.599-0100][gc,cpu        ] GC(7) User=0,08s Sys=0,16s Real=0,20s
[2020-10-18T14:33:24.401-0100][gc,start      ] GC(8) Pause Young (Normal) (G1 Evacuation Pause)
[2020-10-18T14:33:24.402-0100][gc,task       ] GC(8) Using 4 workers of 4 for evacuation
[2020-10-18T14:33:24.547-0100][gc,mmu        ] GC(8) MMU target violated: 21,0ms (20,0ms/21,0ms)
[2020-10-18T14:33:24.547-0100][gc,phases     ] GC(8)   Pre Evacuate Collection Set: 4,0ms
[2020-10-18T14:33:24.547-0100][gc,phases     ] GC(8)   Evacuate Collection Set: 136,4ms
[2020-10-18T14:33:24.548-0100][gc,phases     ] GC(8)   Post Evacuate Collection Set: 1,3ms
[2020-10-18T14:33:24.548-0100][gc,phases     ] GC(8)   Other: 5,6ms
[2020-10-18T14:33:24.548-0100][gc,heap       ] GC(8) Eden regions: 48->0(47)
[2020-10-18T14:33:24.548-0100][gc,heap       ] GC(8) Survivor regions: 3->4(7)
[2020-10-18T14:33:24.548-0100][gc,heap       ] GC(8) Old regions: 14->14
[2020-10-18T14:33:24.548-0100][gc,heap       ] GC(8) Humongous regions: 129->129
[2020-10-18T14:33:24.548-0100][gc,metaspace  ] GC(8) Metaspace: 47827K->47827K(1093632K)
[2020-10-18T14:33:24.548-0100][gc            ] GC(8) Pause Young (Normal) (G1 Evacuation Pause) 192M->145M(1024M) 146,738ms
[2020-10-18T14:33:24.548-0100][gc,cpu        ] GC(8) User=0,03s Sys=0,10s Real=0,14s
[2020-10-18T14:53:34.419-0100][gc,start      ] GC(9) Pause Young (Normal) (G1 Evacuation Pause)
[2020-10-18T14:53:34.422-0100][gc,task       ] GC(9) Using 4 workers of 4 for evacuation
[2020-10-18T14:53:34.522-0100][gc,mmu        ] GC(9) MMU target violated: 21,0ms (20,0ms/21,0ms)
[2020-10-18T14:53:34.522-0100][gc,phases     ] GC(9)   Pre Evacuate Collection Set: 7,1ms
[2020-10-18T14:53:34.522-0100][gc,phases     ] GC(9)   Evacuate Collection Set: 80,1ms
[2020-10-18T14:53:34.522-0100][gc,phases     ] GC(9)   Post Evacuate Collection Set: 1,1ms
[2020-10-18T14:53:34.522-0100][gc,phases     ] GC(9)   Other: 15,0ms
[2020-10-18T14:53:34.522-0100][gc,heap       ] GC(9) Eden regions: 47->0(46)
[2020-10-18T14:53:34.522-0100][gc,heap       ] GC(9) Survivor regions: 4->5(7)
[2020-10-18T14:53:34.522-0100][gc,heap       ] GC(9) Old regions: 14->14
[2020-10-18T14:53:34.522-0100][gc,heap       ] GC(9) Humongous regions: 129->129
[2020-10-18T14:53:34.522-0100][gc,metaspace  ] GC(9) Metaspace: 48029K->48029K(1093632K)
[2020-10-18T14:53:34.522-0100][gc            ] GC(9) Pause Young (Normal) (G1 Evacuation Pause) 192M->146M(1024M) 102,585ms
[2020-10-18T14:53:34.522-0100][gc,cpu        ] GC(9) User=0,02s Sys=0,11s Real=0,11s
[2020-10-18T15:18:59.434-0100][gc,start      ] GC(10) Pause Young (Normal) (G1 Evacuation Pause)
[2020-10-18T15:18:59.434-0100][gc,task       ] GC(10) Using 4 workers of 4 for evacuation
[2020-10-18T15:18:59.523-0100][gc,mmu        ] GC(10) MMU target violated: 21,0ms (20,0ms/21,0ms)
[2020-10-18T15:18:59.523-0100][gc,phases     ] GC(10)   Pre Evacuate Collection Set: 4,1ms
[2020-10-18T15:18:59.523-0100][gc,phases     ] GC(10)   Evacuate Collection Set: 78,4ms
[2020-10-18T15:18:59.523-0100][gc,phases     ] GC(10)   Post Evacuate Collection Set: 1,3ms
[2020-10-18T15:18:59.523-0100][gc,phases     ] GC(10)   Other: 5,5ms
[2020-10-18T15:18:59.523-0100][gc,heap       ] GC(10) Eden regions: 46->0(47)
[2020-10-18T15:18:59.523-0100][gc,heap       ] GC(10) Survivor regions: 5->4(7)
[2020-10-18T15:18:59.523-0100][gc,heap       ] GC(10) Old regions: 14->15
[2020-10-18T15:18:59.523-0100][gc,heap       ] GC(10) Humongous regions: 129->129
[2020-10-18T15:18:59.523-0100][gc,metaspace  ] GC(10) Metaspace: 48159K->48159K(1093632K)
[2020-10-18T15:18:59.523-0100][gc            ] GC(10) Pause Young (Normal) (G1 Evacuation Pause) 192M->147M(1024M) 89,389ms
[2020-10-18T15:18:59.523-0100][gc,cpu        ] GC(10) User=0,03s Sys=0,08s Real=0,09s
[2020-10-18T15:34:14.345-0100][gc,start      ] GC(11) Pause Young (Normal) (G1 Evacuation Pause)
[2020-10-18T15:34:14.345-0100][gc,task       ] GC(11) Using 4 workers of 4 for evacuation
[2020-10-18T15:34:14.405-0100][gc,mmu        ] GC(11) MMU target violated: 21,0ms (20,0ms/21,0ms)
[2020-10-18T15:34:14.405-0100][gc,phases     ] GC(11)   Pre Evacuate Collection Set: 4,3ms
[2020-10-18T15:34:14.405-0100][gc,phases     ] GC(11)   Evacuate Collection Set: 50,2ms
[2020-10-18T15:34:14.405-0100][gc,phases     ] GC(11)   Post Evacuate Collection Set: 0,6ms
[2020-10-18T15:34:14.405-0100][gc,phases     ] GC(11)   Other: 5,4ms
[2020-10-18T15:34:14.405-0100][gc,heap       ] GC(11) Eden regions: 47->0(47)
[2020-10-18T15:34:14.405-0100][gc,heap       ] GC(11) Survivor regions: 4->4(7)
[2020-10-18T15:34:14.405-0100][gc,heap       ] GC(11) Old regions: 15->15
[2020-10-18T15:34:14.405-0100][gc,heap       ] GC(11) Humongous regions: 129->129
[2020-10-18T15:34:14.405-0100][gc,metaspace  ] GC(11) Metaspace: 48371K->48371K(1093632K)
[2020-10-18T15:34:14.405-0100][gc            ] GC(11) Pause Young (Normal) (G1 Evacuation Pause) 194M->147M(1024M) 60,619ms
[2020-10-18T15:34:14.405-0100][gc,cpu        ] GC(11) User=0,03s Sys=0,08s Real=0,06s
[2020-10-18T15:42:05.428-0100][gc,start      ] GC(12) Pause Young (Normal) (G1 Evacuation Pause)
[2020-10-18T15:42:05.431-0100][gc,task       ] GC(12) Using 4 workers of 4 for evacuation
[2020-10-18T15:42:05.508-0100][gc,mmu        ] GC(12) MMU target violated: 21,0ms (20,0ms/21,0ms)
[2020-10-18T15:42:05.508-0100][gc,phases     ] GC(12)   Pre Evacuate Collection Set: 1,8ms
[2020-10-18T15:42:05.508-0100][gc,phases     ] GC(12)   Evacuate Collection Set: 58,4ms
[2020-10-18T15:42:05.508-0100][gc,phases     ] GC(12)   Post Evacuate Collection Set: 15,8ms
[2020-10-18T15:42:05.508-0100][gc,phases     ] GC(12)   Other: 4,1ms
[2020-10-18T15:42:05.508-0100][gc,heap       ] GC(12) Eden regions: 47->0(47)
[2020-10-18T15:42:05.508-0100][gc,heap       ] GC(12) Survivor regions: 4->4(7)
[2020-10-18T15:42:05.508-0100][gc,heap       ] GC(12) Old regions: 15->16
[2020-10-18T15:42:05.508-0100][gc,heap       ] GC(12) Humongous regions: 129->129
[2020-10-18T15:42:05.508-0100][gc,metaspace  ] GC(12) Metaspace: 48445K->48445K(1093632K)
[2020-10-18T15:42:05.508-0100][gc            ] GC(12) Pause Young (Normal) (G1 Evacuation Pause) 194M->148M(1024M) 80,125ms
[2020-10-18T15:42:05.508-0100][gc,cpu        ] GC(12) User=0,02s Sys=0,03s Real=0,08s
[2020-10-18T15:44:21.171-0100][gc,heap,exit  ] Heap
[2020-10-18T15:44:21.171-0100][gc,heap,exit  ]  garbage-first heap   total 1048576K, used 172335K [0x00000007c0000000, 0x0000000800000000)
[2020-10-18T15:44:21.171-0100][gc,heap,exit  ]   region size 1024K, 26 young (26624K), 4 survivors (4096K)
[2020-10-18T15:44:21.171-0100][gc,heap,exit  ]  Metaspace       used 49091K, capacity 51310K, committed 51632K, reserved 1093632K
[2020-10-18T15:44:21.171-0100][gc,heap,exit  ]   class space    used 5545K, capacity 6533K, committed 6656K, reserved 1048576K
