[2020-10-18T13:34:17.193-0100][gc,heap] Heap region size: 1M
[2020-10-18T13:34:17.198-0100][gc     ] Using G1
[2020-10-18T13:34:17.198-0100][gc,heap,coops] Heap address: 0x00000007e0000000, size: 512 MB, Compressed Oops mode: Zero based, Oop shift amount: 3
[2020-10-18T13:35:43.413-0100][gc,start     ] GC(0) Pause Young (Normal) (G1 Evacuation Pause)
[2020-10-18T13:35:43.414-0100][gc,task      ] GC(0) Using 4 workers of 4 for evacuation
[2020-10-18T13:35:43.435-0100][gc,mmu       ] GC(0) MMU target violated: 21,0ms (20,0ms/21,0ms)
[2020-10-18T13:35:43.435-0100][gc,phases    ] GC(0)   Pre Evacuate Collection Set: 0,6ms
[2020-10-18T13:35:43.435-0100][gc,phases    ] GC(0)   Evacuate Collection Set: 20,8ms
[2020-10-18T13:35:43.435-0100][gc,phases    ] GC(0)   Post Evacuate Collection Set: 0,4ms
[2020-10-18T13:35:43.436-0100][gc,phases    ] GC(0)   Other: 0,8ms
[2020-10-18T13:35:43.436-0100][gc,heap      ] GC(0) Eden regions: 25->0(21)
[2020-10-18T13:35:43.436-0100][gc,heap      ] GC(0) Survivor regions: 0->4(4)
[2020-10-18T13:35:43.436-0100][gc,heap      ] GC(0) Old regions: 0->2
[2020-10-18T13:35:43.436-0100][gc,heap      ] GC(0) Humongous regions: 0->0
[2020-10-18T13:35:43.436-0100][gc,metaspace ] GC(0) Metaspace: 15239K->15239K(1062912K)
[2020-10-18T13:35:43.436-0100][gc           ] GC(0) Pause Young (Normal) (G1 Evacuation Pause) 25M->5M(512M) 22,628ms
[2020-10-18T13:35:43.436-0100][gc,cpu       ] GC(0) User=0,02s Sys=0,04s Real=0,02s
[2020-10-18T15:44:39.505-0100][gc,heap,exit ] Heap
[2020-10-18T15:44:39.505-0100][gc,heap,exit ]  garbage-first heap   total 524288K, used 17057K [0x00000007e0000000, 0x0000000800000000)
[2020-10-18T15:44:39.505-0100][gc,heap,exit ]   region size 1024K, 16 young (16384K), 4 survivors (4096K)
[2020-10-18T15:44:39.505-0100][gc,heap,exit ]  Metaspace       used 16076K, capacity 16436K, committed 16640K, reserved 1064960K
[2020-10-18T15:44:39.505-0100][gc,heap,exit ]   class space    used 1582K, capacity 1708K, committed 1792K, reserved 1048576K
